client/src/components/dossiers/steps/CertificatoMedicoStep.tsx(42,58): error TS2339: Property 'id' does not exist on type '{ status: string; stagione: string; codiceId: string; dataInserimento: string; teamInserito: string; teamAggiornato: string; tipoPartecipante: string; tessera: string; scadenzaTessera: string; ... 107 more ...; alias: string; }'.
client/src/components/dossiers/steps/CertificatoMedicoStep.tsx(85,15): error TS2322: Type '{ memberId: any; category: string; label: string; maxSizeMb: number; acceptedTypes: string[]; onUploadSuccess: (fileUrl: any) => any; }' is not assignable to type 'IntrinsicAttributes & FileUploadInputProps'.
  Property 'memberId' does not exist on type 'IntrinsicAttributes & FileUploadInputProps'.
client/src/components/dossiers/steps/CertificatoMedicoStep.tsx(90,33): error TS7006: Parameter 'fileUrl' implicitly has an 'any' type.
client/src/components/dossiers/steps/DocumentiStep.tsx(22,58): error TS2339: Property 'id' does not exist on type '{ status: string; stagione: string; codiceId: string; dataInserimento: string; teamInserito: string; teamAggiornato: string; tipoPartecipante: string; tessera: string; scadenzaTessera: string; ... 107 more ...; alias: string; }'.
client/src/components/dossiers/steps/DocumentiStep.tsx(46,15): error TS2322: Type '{ memberId: any; category: string; label: string; maxSizeMb: number; acceptedTypes: string[]; onUploadSuccess: (fileUrl: any) => any; }' is not assignable to type 'IntrinsicAttributes & FileUploadInputProps'.
  Property 'memberId' does not exist on type 'IntrinsicAttributes & FileUploadInputProps'.
client/src/components/dossiers/steps/DocumentiStep.tsx(51,33): error TS7006: Parameter 'fileUrl' implicitly has an 'any' type.
client/src/components/dossiers/steps/DocumentiStep.tsx(64,15): error TS2322: Type '{ memberId: any; category: string; label: string; maxSizeMb: number; acceptedTypes: string[]; onUploadSuccess: (fileUrl: any) => void; }' is not assignable to type 'IntrinsicAttributes & FileUploadInputProps'.
  Property 'memberId' does not exist on type 'IntrinsicAttributes & FileUploadInputProps'.
client/src/components/dossiers/steps/DocumentiStep.tsx(69,33): error TS7006: Parameter 'fileUrl' implicitly has an 'any' type.
client/src/pages/dashboard-dossiers.tsx(45,28): error TS18046: 'dossiers' is of type 'unknown'.
client/src/pages/dashboard-dossiers.tsx(50,26): error TS18046: 'dossiers' is of type 'unknown'.
client/src/pages/wizard-page.tsx(36,5): error TS2322: Type '{} | undefined' is not assignable to type 'DossierState | undefined'.
  Property 'data' is missing in type '{}' but required in type 'DossierState'.
